// Jest Snapshot v1, https://goo.gl/fbAQLP

exports['<ProgressBars /> renders correctly 1'] = `
<ul
  className="progress-bars"
>
  <Memo(ProgressBarItem)
    itemId="skill-1"
    key="skill-1"
    name="JavaScript, HTML, CSS"
    value={100}
  />
  <Memo(ProgressBarItem)
    itemId="skill-2"
    key="skill-2"
    name="ReactJS, Redux"
    value={80}
  />
  <Memo(ProgressBarItem)
    itemId="skill-3"
    key="skill-3"
    name="SCSS, Styled-Component"
    value={80}
  />
  <Memo(ProgressBarItem)
    itemId="skill-4"
    key="skill-4"
    name="Jest, Enzyme"
    value={70}
  />
  <Memo(ProgressBarItem)
    itemId="skill-5"
    key="skill-5"
    name="Webpack"
    value={80}
  />
  <Memo(ProgressBarItem)
    itemId="skill-6"
    key="skill-6"
    name="Node.js"
    value={50}
  />
  <Memo(ProgressBarItem)
    itemId="skill-7"
    key="skill-7"
    name="Git"
    value={80}
  />
</ul>
`;
