// Jest Snapshot v1, https://goo.gl/fbAQLP

exports[`<RelevantProjectItem /> renders correctly 1`] = `
<li
  className="relevant-project-item"
>
  <div
    className="name"
    data-aos="zoom-in"
    data-aos-duration="2000"
    data-aos-offset="100"
  >
    Textme
  </div>
  <div
    className="summary"
    data-aos="zoom-in"
    data-aos-duration="2000"
    data-aos-offset="100"
  >
    <div
      className="description"
    >
      A chat tool that helps customers can contact with bankers and versa vice
    </div>
    <div
      className="role"
    >
      Developer
    </div>
    <div
      className="duration"
    >
      <i
        className="lni-calendar"
      />
        
      September 2019 - May 2020
    </div>
  </div>
</li>
`;
