// Jest Snapshot v1, https://goo.gl/fbAQLP

exports[`<SocialNetworks /> renders correctly 1`] = `
<ul
  className="social-networks"
>
  <Memo(SocialNetworkItem)
    iconUrl="test-file-stub"
    key="Facebook"
    name="Facebook"
    url="https://www.facebook.com/minh.dung.391"
  />
  <Memo(SocialNetworkItem)
    iconUrl="test-file-stub"
    key="Instagram"
    name="Instagram"
    url="https://www.instagram.com/dungvmnguyen"
  />
  <Memo(SocialNetworkItem)
    iconUrl="test-file-stub"
    key="LinkedIn"
    name="LinkedIn"
    url="https://www.linkedin.com/in/dungvmn1995"
  />
</ul>
`;
