// Jest Snapshot v1, https://goo.gl/fbAQLP

exports[`<TimeLine /> renders correctly 1`] = `
<div
  className="timeline"
>
  <div
    className="icon"
  >
    <div
      className="contour"
    >
      <i
        className="undefined size-sm"
      />
    </div>
  </div>
  <ul
    className="events"
  >
    <Memo(Event)
      description="Currently, I am a Web Application Developer and used to have an opportunity to work as a leader of a team"
      isCurrentRole={true}
      key="1"
      organization="KMS Technology Inc., Vietnam"
      role="SOFTWARE ENGINEER"
      startDate="November 2017"
    />
    <Memo(Event)
      description="I had joined KMS as a fresher before graduating. I had been trained to become an official employee for 2 months. Then, I joined one of the biggest project team in the company."
      endDate="November 2017"
      isCurrentJob={false}
      key="2"
      organization="KMS Technology Inc., Vietnam"
      role="FRESHER"
      startDate="September 2017"
    />
  </ul>
</div>
`;
